# serializer version: 1
# name: test_set_operation_mode[default]
  list([
    dict({
      'until': datetime.datetime(2024, 7, 10, 12, 0, tzinfo=datetime.timezone.utc),
    }),
    dict({
      'until': datetime.datetime(2024, 7, 10, 12, 0, tzinfo=datetime.timezone.utc),
    }),
  ])
# ---
