# serializer version: 1
# name: test_device
  DeviceRegistryEntrySnapshot({
    'area_id': None,
    'config_entries': <ANY>,
    'configuration_url': None,
    'connections': set({
    }),
    'disabled_by': None,
    'entry_type': None,
    'hw_version': <MagicMock name='Smarty().get_configuration_version()' id='139658502111200'>,
    'id': <ANY>,
    'identifiers': set({
      tuple(
        'smarty',
        '01JAZ5DPW8C62D620DGYNG2R8H',
      ),
    }),
    'is_new': False,
    'labels': set({
    }),
    'manufacturer': 'Salda',
    'model': None,
    'model_id': None,
    'name': 'Mock Title',
    'name_by_user': None,
    'primary_config_entry': <ANY>,
    'serial_number': None,
    'suggested_area': None,
    'sw_version': <MagicMock name='Smarty().get_software_version()' id='139658502133840'>,
    'via_device_id': None,
  })
# ---
