# serializer version: 1
# name: test_diagnostics
  dict({
    'device_info': dict({
      'device': dict({
        'properties': dict({
          'AP_MAC': '',
          'BSSID': '',
          'BT_MAC': '',
          'BleRemote_update_checked_counter': '',
          'CountryCode': '',
          'CountryRegion': '',
          'DeviceName': '',
          'EQ_support': '',
          'ETH_MAC': '',
          'FW_Release_version': '',
          'GroupName': '',
          'MAC': '',
          'NewVer': '',
          'PCB_version': '',
          'RSSI': '',
          'Release': '',
          'SSIDStrategy': '',
          'STA_MAC': '',
          'VersionUpdate': '',
          'WifiChannel': '',
          'alexa_beta_enable': '',
          'alexa_force_beta_cfg': '',
          'alexa_ver': '',
          'apcli0': '',
          'app_timezone_id': '',
          'audio_channel_config': '',
          'auth': '',
          'avs_timezone_id': '',
          'battery': '',
          'battery_percent': '',
          'branch': '',
          'build': '',
          'cap1': '',
          'capability': '',
          'communication_port': '',
          'date': '',
          'dsp_ver': '',
          'dsp_ver_new': '',
          'dst_enable': '',
          'encry': '',
          'essid': '',
          'eth0': '',
          'eth2': '',
          'eth_dhcp': '',
          'expired': '',
          'external': '',
          'firmware': '',
          'group': '',
          'hardware': '',
          'hideSSID': '',
          'ignore_silenceOTATime': '',
          'ignore_talkstart': '',
          'iheartradio_new': '',
          'internet': '',
          'iot_ver': '',
          'language': '',
          'languages': '',
          'lbc_support': '',
          'mcu_ver': '',
          'mcu_ver_new': '',
          'netstat': '',
          'new_iheart_podcast': '',
          'new_tunein_preset_and_alarm': '',
          'ota_interface_ver': '',
          'plm_support': '',
          'power_mode': '',
          'preset_key': '',
          'priv_prj': '',
          'privacy_mode': '',
          'project': '',
          'project_build_name': '',
          'prompt_status': '',
          'ra0': '',
          'region': '',
          'securemode': '',
          'security': '',
          'security_capabilities': '',
          'security_version': '',
          'service_version': '',
          'set_dns_enable': '',
          'silenceOTATime': '',
          'spotify_active': '',
          'ssid': '',
          'streams': '',
          'streams_all': '',
          'temp_uuid': '',
          'tidal_version': '',
          'time': '',
          'tz': '',
          'tz_info_ver': '',
          'uart_pass_port': '',
          'update_check_count': '',
          'upnp_uuid': '',
          'upnp_version': '',
          'uuid': '',
          'volume_control': '',
          'web_firmware_update_hide': '',
          'web_login_result': '',
          'wlanDataRate': '',
          'wlanFreq': '',
          'wlanNoise': '',
          'wlanSnr': '',
          'wmrm_version': '',
        }),
      }),
      'endpoint': dict({
        'endpoint': 'http://10.0.0.150',
      }),
      'multiroom': None,
      'player': dict({
        'properties': dict({
          'Album': '',
          'Artist': '',
          'Title': '',
          'alarmflag': '',
          'ch': '',
          'curpos': '',
          'eq': '',
          'loop': '',
          'mode': '',
          'mute': '',
          'offset_pts': '',
          'plicount': '',
          'plicurr': '',
          'status': '',
          'totlen': '',
          'type': '',
          'vol': '',
        }),
      }),
    }),
  })
# ---
